#! /c/Source/iverilog-install/bin/vvp
:ivl_version "12.0 (devel)" "(s20150603-1539-g2693dd32b)";
:ivl_delay_selection "TYPICAL";
:vpi_time_precision - 12;
:vpi_module "C:\iverilog\lib\ivl\system.vpi";
:vpi_module "C:\iverilog\lib\ivl\vhdl_sys.vpi";
:vpi_module "C:\iverilog\lib\ivl\vhdl_textio.vpi";
:vpi_module "C:\iverilog\lib\ivl\v2005_math.vpi";
:vpi_module "C:\iverilog\lib\ivl\va_math.vpi";
S_0000015a66f3bb70 .scope module, "mealy_machine_tb" "mealy_machine_tb" 2 3;
 .timescale -9 -12;
v0000015a66f87610_0 .var "clk", 0 0;
v0000015a66f83f20_0 .var "din", 0 0;
v0000015a66f83fc0_0 .net "dout", 0 0, v0000015a66f87430_0;  1 drivers
v0000015a66f84060_0 .var "reset", 0 0;
S_0000015a66f872a0 .scope module, "dut" "mealy_machine" 2 10, 3 1 0, S_0000015a66f3bb70;
 .timescale 0 0;
    .port_info 0 /INPUT 1 "clk";
    .port_info 1 /INPUT 1 "reset";
    .port_info 2 /INPUT 1 "din";
    .port_info 3 /OUTPUT 1 "dout";
P_0000015a66f3bd00 .param/l "S0" 0 3 7, C4<00>;
P_0000015a66f3bd38 .param/l "S1" 0 3 7, C4<01>;
P_0000015a66f3bd70 .param/l "S2" 0 3 7, C4<10>;
P_0000015a66f3bda8 .param/l "S3" 0 3 7, C4<11>;
v0000015a66f36b50_0 .net "clk", 0 0, v0000015a66f87610_0;  1 drivers
v0000015a66f36d70_0 .var "current_state", 1 0;
v0000015a66f368d0_0 .net "din", 0 0, v0000015a66f83f20_0;  1 drivers
v0000015a66f87430_0 .var "dout", 0 0;
v0000015a66f874d0_0 .var "next_state", 1 0;
v0000015a66f87570_0 .net "reset", 0 0, v0000015a66f84060_0;  1 drivers
E_0000015a66f75580 .event anyedge, v0000015a66f36d70_0, v0000015a66f368d0_0;
E_0000015a66f74e00 .event posedge, v0000015a66f87570_0, v0000015a66f36b50_0;
    .scope S_0000015a66f872a0;
T_0 ;
    %wait E_0000015a66f74e00;
    %load/vec4 v0000015a66f87570_0;
    %flag_set/vec4 8;
    %jmp/0xz  T_0.0, 8;
    %pushi/vec4 0, 0, 2;
    %assign/vec4 v0000015a66f36d70_0, 0;
    %jmp T_0.1;
T_0.0 ;
    %load/vec4 v0000015a66f874d0_0;
    %assign/vec4 v0000015a66f36d70_0, 0;
T_0.1 ;
    %jmp T_0;
    .thread T_0;
    .scope S_0000015a66f872a0;
T_1 ;
    %wait E_0000015a66f75580;
    %pushi/vec4 0, 0, 1;
    %store/vec4 v0000015a66f87430_0, 0, 1;
    %load/vec4 v0000015a66f36d70_0;
    %dup/vec4;
    %pushi/vec4 0, 0, 2;
    %cmp/u;
    %jmp/1 T_1.0, 6;
    %dup/vec4;
    %pushi/vec4 1, 0, 2;
    %cmp/u;
    %jmp/1 T_1.1, 6;
    %dup/vec4;
    %pushi/vec4 2, 0, 2;
    %cmp/u;
    %jmp/1 T_1.2, 6;
    %dup/vec4;
    %pushi/vec4 3, 0, 2;
    %cmp/u;
    %jmp/1 T_1.3, 6;
    %pushi/vec4 0, 0, 2;
    %store/vec4 v0000015a66f874d0_0, 0, 2;
    %jmp T_1.5;
T_1.0 ;
    %load/vec4 v0000015a66f368d0_0;
    %flag_set/vec4 8;
    %jmp/0 T_1.6, 8;
    %pushi/vec4 1, 0, 2;
    %jmp/1 T_1.7, 8;
T_1.6 ; End of true expr.
    %pushi/vec4 0, 0, 2;
    %jmp/0 T_1.7, 8;
 ; End of false expr.
    %blend;
T_1.7;
    %store/vec4 v0000015a66f874d0_0, 0, 2;
    %jmp T_1.5;
T_1.1 ;
    %load/vec4 v0000015a66f368d0_0;
    %flag_set/vec4 8;
    %jmp/0 T_1.8, 8;
    %pushi/vec4 1, 0, 2;
    %jmp/1 T_1.9, 8;
T_1.8 ; End of true expr.
    %pushi/vec4 2, 0, 2;
    %jmp/0 T_1.9, 8;
 ; End of false expr.
    %blend;
T_1.9;
    %store/vec4 v0000015a66f874d0_0, 0, 2;
    %jmp T_1.5;
T_1.2 ;
    %load/vec4 v0000015a66f368d0_0;
    %flag_set/vec4 8;
    %jmp/0 T_1.10, 8;
    %pushi/vec4 3, 0, 2;
    %jmp/1 T_1.11, 8;
T_1.10 ; End of true expr.
    %pushi/vec4 0, 0, 2;
    %jmp/0 T_1.11, 8;
 ; End of false expr.
    %blend;
T_1.11;
    %store/vec4 v0000015a66f874d0_0, 0, 2;
    %jmp T_1.5;
T_1.3 ;
    %load/vec4 v0000015a66f368d0_0;
    %flag_set/vec4 8;
    %jmp/0xz  T_1.12, 8;
    %pushi/vec4 1, 0, 2;
    %store/vec4 v0000015a66f874d0_0, 0, 2;
    %pushi/vec4 1, 0, 1;
    %store/vec4 v0000015a66f87430_0, 0, 1;
    %jmp T_1.13;
T_1.12 ;
    %pushi/vec4 2, 0, 2;
    %store/vec4 v0000015a66f874d0_0, 0, 2;
    %pushi/vec4 0, 0, 1;
    %store/vec4 v0000015a66f87430_0, 0, 1;
T_1.13 ;
    %jmp T_1.5;
T_1.5 ;
    %pop/vec4 1;
    %jmp T_1;
    .thread T_1, $push;
    .scope S_0000015a66f3bb70;
T_2 ;
    %pushi/vec4 0, 0, 1;
    %store/vec4 v0000015a66f87610_0, 0, 1;
T_2.0 ;
    %delay 5000, 0;
    %load/vec4 v0000015a66f87610_0;
    %inv;
    %store/vec4 v0000015a66f87610_0, 0, 1;
    %jmp T_2.0;
    %end;
    .thread T_2;
    .scope S_0000015a66f3bb70;
T_3 ;
    %vpi_call 2 25 "$display", "Time\011Reset\011Input\011Detect" {0 0 0};
    %pushi/vec4 1, 0, 1;
    %store/vec4 v0000015a66f84060_0, 0, 1;
    %pushi/vec4 0, 0, 1;
    %store/vec4 v0000015a66f83f20_0, 0, 1;
    %delay 12000, 0;
    %pushi/vec4 0, 0, 1;
    %store/vec4 v0000015a66f84060_0, 0, 1;
    %delay 10000, 0;
    %pushi/vec4 1, 0, 1;
    %store/vec4 v0000015a66f83f20_0, 0, 1;
    %delay 10000, 0;
    %pushi/vec4 0, 0, 1;
    %store/vec4 v0000015a66f83f20_0, 0, 1;
    %delay 10000, 0;
    %pushi/vec4 1, 0, 1;
    %store/vec4 v0000015a66f83f20_0, 0, 1;
    %delay 10000, 0;
    %pushi/vec4 0, 0, 1;
    %store/vec4 v0000015a66f83f20_0, 0, 1;
    %delay 10000, 0;
    %pushi/vec4 1, 0, 1;
    %store/vec4 v0000015a66f83f20_0, 0, 1;
    %delay 10000, 0;
    %pushi/vec4 1, 0, 1;
    %store/vec4 v0000015a66f83f20_0, 0, 1;
    %delay 10000, 0;
    %pushi/vec4 0, 0, 1;
    %store/vec4 v0000015a66f83f20_0, 0, 1;
    %delay 10000, 0;
    %pushi/vec4 1, 0, 1;
    %store/vec4 v0000015a66f83f20_0, 0, 1;
    %delay 20000, 0;
    %vpi_call 2 45 "$finish" {0 0 0};
    %end;
    .thread T_3;
    .scope S_0000015a66f3bb70;
T_4 ;
    %vpi_call 2 50 "$monitor", "%0t\011%b\011%b\011%b", $time, v0000015a66f84060_0, v0000015a66f83f20_0, v0000015a66f83fc0_0 {0 0 0};
    %end;
    .thread T_4;
# The file index is used to find the file name in the following table.
:file_names 4;
    "N/A";
    "<interactive>";
    "mealy_machine/mealy_machine_tb.v";
    "mealy_machine/mealy_machine.v";
